../Core/Src/CAN_N_main.c:32:5:main	8	static
../Core/Src/CAN_N_main.c:66:6:Error_Handler	4	static
../Core/Src/CAN_N_main.c:71:6:GPIO_Init	56	static
../Core/Src/CAN_N_main.c:106:6:TIMER_Init	8	static
../Core/Src/CAN_N_main.c:120:6:UART2_Init	8	static
../Core/Src/CAN_N_main.c:137:6:SystemClock_Config_HSE	96	static
../Core/Src/CAN_N_main.c:223:6:HAL_TIM_PeriodElapsedCallback	48	static
../Core/Src/CAN_N_main.c:253:6:CAN1_Init	8	static
../Core/Src/CAN_N_main.c:278:6:CAN1_Tx	40	static
../Core/Src/CAN_N_main.c:302:6:CAN_Filter_Config	48	static
../Core/Src/CAN_N_main.c:323:6:HAL_CAN_TxMailbox0CompleteCallback	72	static
../Core/Src/CAN_N_main.c:329:6:HAL_CAN_TxMailbox1CompleteCallback	72	static
../Core/Src/CAN_N_main.c:335:6:HAL_CAN_TxMailbox2CompleteCallback	72	static
../Core/Src/CAN_N_main.c:344:6:HAL_CAN_RxFifo0MsgPendingCallback	104	static
../Core/Src/CAN_N_main.c:382:6:HAL_CAN_ErrorCallback	72	static
../Core/Src/CAN_N_main.c:389:6:Send_response	24	static
../Core/Src/CAN_N_main.c:408:6:LED_Manage_Output	16	static
