../Core/Src/CAN_main.c:24:5:main	8	static
../Core/Src/CAN_main.c:57:6:SystemClock_Config_HSE	96	static
../Core/Src/CAN_main.c:145:6:Error_Handler	4	static
../Core/Src/CAN_main.c:151:6:UART2_Init	8	static
../Core/Src/CAN_main.c:169:6:GPIO_Init	32	static
../Core/Src/CAN_main.c:179:6:CAN1_Init	8	static
../Core/Src/CAN_main.c:203:6:CAN1_Tx	48	static
../Core/Src/CAN_main.c:223:6:CAN1_Rx	96	static
../Core/Src/CAN_main.c:244:6:CAN_Filter_Config	48	static
../Core/Src/CAN_main.c:265:6:HAL_CAN_TxMailbox0CompleteCallback	72	static
../Core/Src/CAN_main.c:271:6:HAL_CAN_TxMailbox1CompleteCallback	72	static
../Core/Src/CAN_main.c:277:6:HAL_CAN_TxMailbox2CompleteCallback	72	static
../Core/Src/CAN_main.c:286:6:HAL_CAN_RxFifo0MsgPendingCallback	104	static
../Core/Src/CAN_main.c:304:6:HAL_CAN_ErrorCallback	72	static
