17:24:59 **** Build of configuration Debug for project CAN_NORMAL ****
make -j8 all 
arm-none-eabi-gcc "../Core/Src/CAN_N_main.c" -mcpu=cortex-m4 -std=gnu11 -g3 -DDEBUG -DUSE_HAL_DRIVER -DSTM32F407xx -c -I../Core/Inc -I../Drivers/STM32F4xx_HAL_Driver/Inc -I../Drivers/STM32F4xx_HAL_Driver/Inc/Legacy -I../Drivers/CMSIS/Device/ST/STM32F4xx/Include -I../Drivers/CMSIS/Include -O0 -ffunction-sections -fdata-sections -Wall -fstack-usage -fcyclomatic-complexity -MMD -MP -MF"Core/Src/CAN_N_main.d" -MT"Core/Src/CAN_N_main.o" --specs=nano.specs -mfpu=fpv4-sp-d16 -mfloat-abi=hard -mthumb -o "Core/Src/CAN_N_main.o"
arm-none-eabi-gcc -o "CAN_NORMAL.elf" @"objects.list"   -mcpu=cortex-m4 -T"C:\MCU2-Udemy Course\My_Workspace\MasteringMCU2_WS\CAN_NORMAL\STM32F407VGTX_FLASH.ld" --specs=nosys.specs -Wl,-Map="CAN_NORMAL.map" -Wl,--gc-sections -static -u _printf_float --specs=nano.specs -mfpu=fpv4-sp-d16 -mfloat-abi=hard -mthumb -Wl,--start-group -lc -lm -Wl,--end-group
Finished building target: CAN_NORMAL.elf
 
arm-none-eabi-size  CAN_NORMAL.elf 
arm-none-eabi-objdump -h -S CAN_NORMAL.elf  > "CAN_NORMAL.list"
   text	   data	    bss	    dec	    hex	filename
  29308	    476	   2116	  31900	   7c9c	CAN_NORMAL.elf
Finished building: default.size.stdout
 
Finished building: CAN_NORMAL.list
 

17:25:03 Build Finished. 0 errors, 0 warnings. (took 3s.414ms)

