14:50:08 **** Incremental Build of configuration Debug for project RTC_AlarmA ****
make -j8 all 
arm-none-eabi-gcc "../Core/Src/rtc_main.c" -mcpu=cortex-m4 -std=gnu11 -g3 -DDEBUG -DUSE_HAL_DRIVER -DSTM32F407xx -c -I../Core/Inc -I../Drivers/STM32F4xx_HAL_Driver/Inc -I../Drivers/STM32F4xx_HAL_Driver/Inc/Legacy -I../Drivers/CMSIS/Device/ST/STM32F4xx/Include -I../Drivers/CMSIS/Include -O0 -ffunction-sections -fdata-sections -Wall -fstack-usage -fcyclomatic-complexity -MMD -MP -MF"Core/Src/rtc_main.d" -MT"Core/Src/rtc_main.o" --specs=nano.specs -mfpu=fpv4-sp-d16 -mfloat-abi=hard -mthumb -o "Core/Src/rtc_main.o"
arm-none-eabi-gcc -o "RTC_AlarmA.elf" @"objects.list"   -mcpu=cortex-m4 -T"C:\MCU2-Udemy Course\My_Workspace\MasteringMCU2_WS\RTC_AlarmA\STM32F407VGTX_FLASH.ld" --specs=nosys.specs -Wl,-Map="RTC_AlarmA.map" -Wl,--gc-sections -static --specs=nano.specs -mfpu=fpv4-sp-d16 -mfloat-abi=hard -mthumb -Wl,--start-group -lc -lm -Wl,--end-group
Finished building target: RTC_AlarmA.elf
 
arm-none-eabi-size  RTC_AlarmA.elf 
arm-none-eabi-objdump -h -S RTC_AlarmA.elf  > "RTC_AlarmA.list"
   text	   data	    bss	    dec	    hex	filename
  15508	    100	   2004	  17612	   44cc	RTC_AlarmA.elf
Finished building: default.size.stdout
 
Finished building: RTC_AlarmA.list
 
14:50:17 **** Incremental Build of configuration Debug for project RTC_AlarmA ****
make -j8 all 
arm-none-eabi-size  RTC_AlarmA.elf 
   text	   data	    bss	    dec	    hex	filename
  15508	    100	   2004	  17612	   44cc	RTC_AlarmA.elf
Finished building: default.size.stdout
 
