15:12:22 **** Incremental Build of configuration Debug for project RTC_Alarm_standby_WKUP ****
make -j8 all 
arm-none-eabi-gcc "../Core/Src/rtc_main.c" -mcpu=cortex-m4 -std=gnu11 -g3 -DDEBUG -DUSE_HAL_DRIVER -DSTM32F407xx -c -I../Core/Inc -I../Drivers/STM32F4xx_HAL_Driver/Inc -I../Drivers/STM32F4xx_HAL_Driver/Inc/Legacy -I../Drivers/CMSIS/Device/ST/STM32F4xx/Include -I../Drivers/CMSIS/Include -O0 -ffunction-sections -fdata-sections -Wall -fstack-usage -fcyclomatic-complexity -MMD -MP -MF"Core/Src/rtc_main.d" -MT"Core/Src/rtc_main.o" --specs=nano.specs -mfpu=fpv4-sp-d16 -mfloat-abi=hard -mthumb -o "Core/Src/rtc_main.o"
arm-none-eabi-gcc -o "RTC_Alarm_standby_WKUP.elf" @"objects.list"   -mcpu=cortex-m4 -T"C:\MCU2-Udemy Course\My_Workspace\MasteringMCU2_WS\RTC_Alarm_standby_WKUP\STM32F407VGTX_FLASH.ld" --specs=nosys.specs -Wl,-Map="RTC_Alarm_standby_WKUP.map" -Wl,--gc-sections -static --specs=nano.specs -mfpu=fpv4-sp-d16 -mfloat-abi=hard -mthumb -Wl,--start-group -lc -lm -Wl,--end-group
Finished building target: RTC_Alarm_standby_WKUP.elf
 
arm-none-eabi-size  RTC_Alarm_standby_WKUP.elf 
arm-none-eabi-objdump -h -S RTC_Alarm_standby_WKUP.elf  > "RTC_Alarm_standby_WKUP.list"
   text	   data	    bss	    dec	    hex	filename
  15900	    100	   2004	  18004	   4654	RTC_Alarm_standby_WKUP.elf
Finished building: default.size.stdout
 
Finished building: RTC_Alarm_standby_WKUP.list
 

15:12:24 Build Finished. 0 errors, 0 warnings. (took 1s.791ms)

